// Jest Snapshot v1, https://goo.gl/fbAQLP

exports[`set nested data on initial fetch 1`] = `
Object {
  "primaryColor": "red",
}
`;
