// Jest Snapshot v1, https://goo.gl/fbAQLP

exports[`create CHANGE_NETWORK_STATUS snapshot 1`] = `[Function]`;
